> x <- 4
> class(x)
[1] "numeric"
> x <- list(2,"a","b",TRUE)
> x[[1]]
[1] 2
> x <- 1:4
> y <- 2
> x + y
[1] 3 4 5 6
> data[1:2,]
  Ozone Solar.R Wind Temp Month Day
1    41     190  7.4   67     5   1
2    36     118  8.0   72     5   2
> nrows(data)
Error: could not find function "nrows"
> nrow(data)
[1] 153
> tail()
Error in tail.default() : argument "x" is missing, with no default
> tail(data,2)
    Ozone Solar.R Wind Temp Month Day
152    18     131  8.0   76     9  29
153    20     223 11.5   68     9  30
> data$Ozone[47,]
Error in data$Ozone[47, ] : incorrect number of dimensions
> data[47]
Error in `[.data.frame`(data, 47) : undefined columns selected
> data[47,]
   Ozone Solar.R Wind Temp Month Day
47    21     191 14.9   77     6  16
> data$Ozone
  [1]  41  36  12  18  NA  28  23  19   8  NA   7  16  11  14  18  14  34   6  30  11   1  11   4  32  NA
 [26]  NA  NA  23  45 115  37  NA  NA  NA  NA  NA  NA  29  NA  71  39  NA  NA  23  NA  NA  21  37  20  12
 [51]  13  NA  NA  NA  NA  NA  NA  NA  NA  NA  NA 135  49  32  NA  64  40  77  97  97  85  NA  10  27  NA
 [76]   7  48  35  61  79  63  16  NA  NA  80 108  20  52  82  50  64  59  39   9  16  78  35  66 122  89
[101] 110  NA  NA  44  28  65  NA  22  59  23  31  44  21   9  NA  45 168  73  NA  76 118  84  85  96  78
[126]  73  91  47  32  20  23  21  24  44  21  28   9  13  46  18  13  24  16  13  23  36   7  14  30  NA
[151]  14  18  20
> is.na(data$Ozone)
  [1] FALSE FALSE FALSE FALSE  TRUE FALSE FALSE FALSE FALSE  TRUE FALSE FALSE FALSE FALSE FALSE FALSE FALSE
 [18] FALSE FALSE FALSE FALSE FALSE FALSE FALSE  TRUE  TRUE  TRUE FALSE FALSE FALSE FALSE  TRUE  TRUE  TRUE
 [35]  TRUE  TRUE  TRUE FALSE  TRUE FALSE FALSE  TRUE  TRUE FALSE  TRUE  TRUE FALSE FALSE FALSE FALSE FALSE
 [52]  TRUE  TRUE  TRUE  TRUE  TRUE  TRUE  TRUE  TRUE  TRUE  TRUE FALSE FALSE FALSE  TRUE FALSE FALSE FALSE
 [69] FALSE FALSE FALSE  TRUE FALSE FALSE  TRUE FALSE FALSE FALSE FALSE FALSE FALSE FALSE  TRUE  TRUE FALSE
 [86] FALSE FALSE FALSE FALSE FALSE FALSE FALSE FALSE FALSE FALSE FALSE FALSE FALSE FALSE FALSE FALSE  TRUE
[103]  TRUE FALSE FALSE FALSE  TRUE FALSE FALSE FALSE FALSE FALSE FALSE FALSE  TRUE FALSE FALSE FALSE  TRUE
[120] FALSE FALSE FALSE FALSE FALSE FALSE FALSE FALSE FALSE FALSE FALSE FALSE FALSE FALSE FALSE FALSE FALSE
[137] FALSE FALSE FALSE FALSE FALSE FALSE FALSE FALSE FALSE FALSE FALSE FALSE FALSE  TRUE FALSE FALSE FALSE
> data[is.na(data$Ozone)]
Error in `[.data.frame`(data, is.na(data$Ozone)) : 
  undefined columns selected
> data[is.na(data$Ozone),]
    Ozone Solar.R Wind Temp Month Day
5      NA      NA 14.3   56     5   5
10     NA     194  8.6   69     5  10
25     NA      66 16.6   57     5  25
26     NA     266 14.9   58     5  26
27     NA      NA  8.0   57     5  27
32     NA     286  8.6   78     6   1
33     NA     287  9.7   74     6   2
34     NA     242 16.1   67     6   3
35     NA     186  9.2   84     6   4
36     NA     220  8.6   85     6   5
37     NA     264 14.3   79     6   6
39     NA     273  6.9   87     6   8
42     NA     259 10.9   93     6  11
43     NA     250  9.2   92     6  12
45     NA     332 13.8   80     6  14
46     NA     322 11.5   79     6  15
52     NA     150  6.3   77     6  21
53     NA      59  1.7   76     6  22
54     NA      91  4.6   76     6  23
55     NA     250  6.3   76     6  24
56     NA     135  8.0   75     6  25
57     NA     127  8.0   78     6  26
58     NA      47 10.3   73     6  27
59     NA      98 11.5   80     6  28
60     NA      31 14.9   77     6  29
61     NA     138  8.0   83     6  30
65     NA     101 10.9   84     7   4
72     NA     139  8.6   82     7  11
75     NA     291 14.9   91     7  14
83     NA     258  9.7   81     7  22
84     NA     295 11.5   82     7  23
102    NA     222  8.6   92     8  10
103    NA     137 11.5   86     8  11
107    NA      64 11.5   79     8  15
115    NA     255 12.6   75     8  23
119    NA     153  5.7   88     8  27
150    NA     145 13.2   77     9  27
> nrow(data[is.na(data$Ozone),])
[1] 37
> data(,1)
Warning messages:
1: In data(, 1) : data set ‘’ not found
2: In data(, 1) : data set ‘1’ not found
> data[,1]
  [1]  41  36  12  18  NA  28  23  19   8  NA   7  16  11  14  18  14  34   6  30  11   1  11   4  32  NA
 [26]  NA  NA  23  45 115  37  NA  NA  NA  NA  NA  NA  29  NA  71  39  NA  NA  23  NA  NA  21  37  20  12
 [51]  13  NA  NA  NA  NA  NA  NA  NA  NA  NA  NA 135  49  32  NA  64  40  77  97  97  85  NA  10  27  NA
 [76]   7  48  35  61  79  63  16  NA  NA  80 108  20  52  82  50  64  59  39   9  16  78  35  66 122  89
[101] 110  NA  NA  44  28  65  NA  22  59  23  31  44  21   9  NA  45 168  73  NA  76 118  84  85  96  78
[126]  73  91  47  32  20  23  21  24  44  21  28   9  13  46  18  13  24  16  13  23  36   7  14  30  NA
[151]  14  18  20
> data[,Ozone]
Error in `[.data.frame`(data, , Ozone) : object 'Ozone' not found
> data[,"Ozone"]
  [1]  41  36  12  18  NA  28  23  19   8  NA   7  16  11  14  18  14  34   6  30  11   1  11   4  32  NA
 [26]  NA  NA  23  45 115  37  NA  NA  NA  NA  NA  NA  29  NA  71  39  NA  NA  23  NA  NA  21  37  20  12
 [51]  13  NA  NA  NA  NA  NA  NA  NA  NA  NA  NA 135  49  32  NA  64  40  77  97  97  85  NA  10  27  NA
 [76]   7  48  35  61  79  63  16  NA  NA  80 108  20  52  82  50  64  59  39   9  16  78  35  66 122  89
[101] 110  NA  NA  44  28  65  NA  22  59  23  31  44  21   9  NA  45 168  73  NA  76 118  84  85  96  78
[126]  73  91  47  32  20  23  21  24  44  21  28   9  13  46  18  13  24  16  13  23  36   7  14  30  NA
[151]  14  18  20
> data[!is.na(data$Ozone),"Ozone"]
  [1]  41  36  12  18  28  23  19   8   7  16  11  14  18  14  34   6  30  11   1  11   4  32  23  45 115
 [26]  37  29  71  39  23  21  37  20  12  13 135  49  32  64  40  77  97  97  85  10  27   7  48  35  61
 [51]  79  63  16  80 108  20  52  82  50  64  59  39   9  16  78  35  66 122  89 110  44  28  65  22  59
 [76]  23  31  44  21   9  45 168  73  76 118  84  85  96  78  73  91  47  32  20  23  21  24  44  21  28
[101]   9  13  46  18  13  24  16  13  23  36   7  14  30  14  18  20
> mean(data[!is.na(data$Ozone),"Ozone"])
[1] 42.12931
> data[target,]
    Ozone Solar.R Wind Temp Month Day
69     97     267  6.3   92     7   8
70     97     272  5.7   92     7   9
120    76     203  9.7   97     8  28
121   118     225  2.3   94     8  29
122    84     237  6.3   96     8  30
123    85     188  6.3   94     8  31
124    96     167  6.9   91     9   1
125    78     197  5.1   92     9   2
126    73     183  2.8   93     9   3
127    91     189  4.6   93     9   4
> data[target,"Solar.R"]
 [1] 267 272 203 225 237 188 167 197 183 189
> mean(data[target,"Solar.R"])
[1] 212.8
> data[data$Temp==6,"Temp"]
integer(0)
> data[data$Month==6,]
   Ozone Solar.R Wind Temp Month Day
32    NA     286  8.6   78     6   1
33    NA     287  9.7   74     6   2
34    NA     242 16.1   67     6   3
35    NA     186  9.2   84     6   4
36    NA     220  8.6   85     6   5
37    NA     264 14.3   79     6   6
38    29     127  9.7   82     6   7
39    NA     273  6.9   87     6   8
40    71     291 13.8   90     6   9
41    39     323 11.5   87     6  10
42    NA     259 10.9   93     6  11
43    NA     250  9.2   92     6  12
44    23     148  8.0   82     6  13
45    NA     332 13.8   80     6  14
46    NA     322 11.5   79     6  15
47    21     191 14.9   77     6  16
48    37     284 20.7   72     6  17
49    20      37  9.2   65     6  18
50    12     120 11.5   73     6  19
51    13     137 10.3   76     6  20
52    NA     150  6.3   77     6  21
53    NA      59  1.7   76     6  22
54    NA      91  4.6   76     6  23
55    NA     250  6.3   76     6  24
56    NA     135  8.0   75     6  25
57    NA     127  8.0   78     6  26
58    NA      47 10.3   73     6  27
59    NA      98 11.5   80     6  28
60    NA      31 14.9   77     6  29
61    NA     138  8.0   83     6  30
> data[data$Month==6,"Temp"]
 [1] 78 74 67 84 85 79 82 87 90 87 93 92 82 80 79 77 72 65 73 76 77 76 76 76 75 78 73 80 77 83
> mean(data[data$Month==6,"Temp"])
[1] 79.1
> data[data$Month==5,"Ozone"]
 [1]  41  36  12  18  NA  28  23  19   8  NA   7  16  11  14  18  14  34   6  30  11   1  11   4  32  NA  NA
[27]  NA  23  45 115  37
> max(data[data$Month==5,"Ozone"])
[1] NA
> data[data$Month==5 & !is.na(data$Ozone),"Ozone"]
 [1]  41  36  12  18  28  23  19   8   7  16  11  14  18  14  34   6  30  11   1  11   4  32  23  45 115  37
> max(data[data$Month==5 & !is.na(data$Ozone),"Ozone"])
[1] 115
> data[47,"Ozone"]
[1] 21
> 